
> brazil-&-anglosphere-dashboard@0.0.0 build
> vite build

'-anglosphere-dashboard\node_modules\.bin\' is not recognized as an internal or external command,
operable program or batch file.
node:internal/modules/cjs/loader:1386
  throw err;
  ^

Error: Cannot find module 'C:\Users\Willians Antoniazzi\Documents\cria├º├úo de apps e html\vite\bin\vite.js'
    at Function._resolveFilename (node:internal/modules/cjs/loader:1383:15)
    at defaultResolveImpl (node:internal/modules/cjs/loader:1025:19)
    at resolveForCJSWithHooks (node:internal/modules/cjs/loader:1030:22)
    at Function._load (node:internal/modules/cjs/loader:1192:37)
    at TracingChannel.traceSync (node:diagnostics_channel:322:14)
    at wrapModuleLoad (node:internal/modules/cjs/loader:237:24)
    at Function.executeUserEntryPoint [as runMain] (node:internal/modules/run_main:171:5)
    at node:internal/main/run_main_module:36:49 {
  code: 'MODULE_NOT_FOUND',
  requireStack: []
}

Node.js v22.20.0
